// Jest Snapshot v1, https://goo.gl/fbAQLP

exports[`App snapshot 1`] = `
<div
  className="body"
>
  <div
    className="header"
  >
    <h1>
      Rupiah Parser
    </h1>
  </div>
  <div>
    <div
      className="input-container"
    >
      <form>
        <input
          id="rupiah"
          onChange={[Function]}
          onSubmit={[Function]}
          placeholder="Input rupiah amount"
          type="text"
          value=""
        />
        <button
          onClick={[Function]}
          type="submit"
        >
          Submit
        </button>
      </form>
    </div>
    <div
      className="bad-input"
    />
    <div
      className="results"
    >
      <table>
        <thead>
          <tr>
            <td>
              Denomination
            </td>
            <td>
              Amount
            </td>
          </tr>
        </thead>
        <tbody>
          <tr
            className="table-odd"
          >
            <td>
              100000
            </td>
            <td>
              0
            </td>
          </tr>
          <tr>
            <td>
              50000
            </td>
            <td>
              0
            </td>
          </tr>
          <tr
            className="table-odd"
          >
            <td>
              20000
            </td>
            <td>
              0
            </td>
          </tr>
          <tr>
            <td>
              10000
            </td>
            <td>
              0
            </td>
          </tr>
          <tr
            className="table-odd"
          >
            <td>
              5000
            </td>
            <td>
              0
            </td>
          </tr>
          <tr>
            <td>
              1000
            </td>
            <td>
              0
            </td>
          </tr>
          <tr
            className="table-odd"
          >
            <td>
              500
            </td>
            <td>
              0
            </td>
          </tr>
          <tr>
            <td>
              200
            </td>
            <td>
              0
            </td>
          </tr>
          <tr
            className="table-odd"
          >
            <td>
              100
            </td>
            <td>
              0
            </td>
          </tr>
          <tr>
            <td>
              50
            </td>
            <td>
              0
            </td>
          </tr>
          <tr
            className="table-odd"
          >
            <td>
              Remainder
            </td>
            <td>
              0
            </td>
          </tr>
        </tbody>
      </table>
    </div>
  </div>
  <div
    className="footer"
  >
    <p>
      By Ev Robinson
    </p>
  </div>
</div>
`;
